[0;32mI (ï¿½ets Jun  8 2016 00:22:57

rst:0x1 (POWERON_RESET),boot:0x13 (SPI_FAST_FLASH_BOOT)
configsip: 0, SPIWP:0xee
clk_drv:0x00,q_drv:0x00,d_drv:0x00,cs0_drv:0x00,hd_drv:0x00,wp_drv:0x00
mode:DIO, clock div:2
load:0x3fff0030,len:6984
load:0x40078000,len:15512
load:0x40080400,len:3864
entry 0x40080650
[0;32mI (27) boot: ESP-IDF v5.0.4 2nd stage bootloader[0m
[0;32mI (27) boot: compile time 10:12:17[0m
[0;32mI (27) boot: Multicore bootloader[0m
[0;32mI (30) boot: chip revision: v1.0[0m
[0;32mI (34) boot.esp32: SPI Speed      : 40MHz[0m
[0;32mI (39) boot.esp32: SPI Mode       : DIO[0m
[0;32mI (43) boot.esp32: SPI Flash Size : 2MB[0m
[0;32mI (48) boot: Enabling RNG early entropy source...[0m
[0;32mI (53) boot: Partition Table:[0m
[0;32mI (57) boot: ## Label            Usage          Type ST Offset   Length[0m
[0;32mI (64) boot:  0 nvs              WiFi data        01 02 00009000 00006000[0m
[0;32mI (71) boot:  1 phy_init         RF data          01 01 0000f000 00001000[0m
[0;32mI (79) boot:  2 factory          factory app      00 00 00010000 00100000[0m
[0;32mI (86) boot: End of partition table[0m
[0;32mI (91) esp_image: segment 0: paddr=00010020 vaddr=3f400020 size=0bbe8h ( 48104) map[0m
[0;32mI (117) esp_image: segment 1: paddr=0001bc10 vaddr=3ffb0000 size=01fb4h (  8116) load[0m
[0;32mI (120) esp_image: segment 2: paddr=0001dbcc vaddr=40080000 size=0244ch (  9292) load[0m
[0;32mI (126) esp_image: segment 3: paddr=00020020 vaddr=400d0020 size=20ac8h (133832) map[0m
[0;32mI (179) esp_image: segment 4: paddr=00040af0 vaddr=4008244c size=0bd1ch ( 48412) load[0m
[0;32mI (206) boot: Loaded app from partition at offset 0x10000[0m
[0;32mI (206) boot: Disabling RNG early entropy source...[0m
[0;32mI (218) cpu_start: Multicore app[0m
[0;32mI (218) cpu_start: Pro cpu up.[0m
[0;32mI (218) cpu_start: Starting app cpu, entry point is 0x400812f4[0m
[0;32mI (0) cpu_start: App cpu up.[0m
[0;32mI (236) cpu_start: Pro cpu start user code[0m
[0;32mI (236) cpu_start: cpu freq: 160000000 Hz[0m
[0;32mI (236) cpu_start: Application information:[0m
[0;32mI (241) cpu_start: Project name:     project_name[0m
[0;32mI (246) cpu_start: App version:      1[0m
[0;32mI (251) cpu_start: Compile time:     Jan 30 2024 10:10:19[0m
[0;32mI (257) cpu_start: ELF file SHA256:  01b3c9870ea4271f...[0m
[0;32mI (263) cpu_start: ESP-IDF:          v5.0.4[0m
[0;32mI (268) cpu_start: Min chip rev:     v0.0[0m
[0;32mI (272) cpu_start: Max chip rev:     v3.99 [0m
[0;32mI (277) cpu_start: Chip rev:         v1.0[0m
[0;32mI (282) heap_init: Initializing. RAM available for dynamic allocation:[0m
[0;32mI (289) heap_init: At 3FFAE6E0 len 00001920 (6 KiB): DRAM[0m
[0;32mI (295) heap_init: At 3FFB2A80 len 0002D580 (181 KiB): DRAM[0m
[0;32mI (301) heap_init: At 3FFE0440 len 00003AE0 (14 KiB): D/IRAM[0m
[0;32mI (308) heap_init: At 3FFE4350 len 0001BCB0 (111 KiB): D/IRAM[0m
[0;32mI (314) heap_init: At 4008E168 len 00011E98 (71 KiB): IRAM[0m
[0;32mI (322) spi_flash: detected chip: generic[0m
[0;32mI (325) spi_flash: flash io: dio[0m
[0;33mW (329) spi_flash: Detected size(4096k) larger than the size in the binary image header(2048k). Using the size in the binary image header.[0m
[0;32mI (343) app_start: Starting scheduler on CPU0[0m
[0;32m[0;32mI (347) app_start: Starting scheduler on CPU1[0m
I (347) main_task: Started on CPU0[0m
[0;32mI (357) main_task: Calling app_main()[0m
Hello world!
This is esp32 chip with 2 CPU core(s), WiFi/BT/BLE, silicon revision v1.0, 2MB external flash
Minimum free heap size: 298332 bytes
[0;32mI (8407) demo: MPU6050 sensor detected.[0m
[0;32mI (8437) demo: BMP280 sensor detected.[0m
MPU6050 is connected.
Acceleration: x = 0.033691, y = 0.038574, z = 1.501953 g
Rotation: x = 498.725189, y = 0.954198, z = 0.717557 degrees/sec
BMP280 is connected.
BMP280 is connected.
Pressure: 94809.08 Pa
Temperature: 26.03 degrees Celsius
MPU6050 is connected.
Acceleration: x = 0.019531, y = 0.036621, z = 1.524902 g
Rotation: x = 498.870239, y = 0.297710, z = 0.717557 degrees/sec
BMP280 is connected.
BMP280 is connected.
Pressure: 94809.08 Pa
Temperature: 26.02 degrees Celsius
MPU6050 is connected.
Acceleration: x = 0.038574, y = 0.045410, z = 1.513184 g
Rotation: x = 498.854950, y = 0.648855, z = 0.656489 degrees/sec
BMP280 is connected.
BMP280 is connected.
Pressure: 94811.66 Pa
Temperature: 26.02 degrees Celsius
MPU6050 is connected.
Acceleration: x = 0.031738, y = 0.050293, z = 1.522461 g
Rotation: x = 498.511444, y = 1.206107, z = 0.694656 degrees/sec
BMP280 is connected.
BMP280 is connected.
Pressure: 94811.66 Pa
Temperature: 26.02 degrees Celsius
MPU6050 is connected.
Acceleration: x = 0.033691, y = 0.042480, z = 1.507812 g
Rotation: x = 498.755737, y = 0.824427, z = 0.740458 degrees/sec
BMP280 is connected.
BMP280 is connected.
Pressure: 94811.66 Pa
Temperature: 26.01 degrees Celsius
MPU6050 is connected.
Acceleration: x = 0.039062, y = 0.036621, z = 1.535645 g
Rotation: x = 498.709930, y = 0.801527, z = 0.702290 degrees/sec
BMP280 is connected.
BMP280 is connected.
Pressure: 94814.23 Pa
Temperature: 26.01 degrees Celsius
MPU6050 is connected.
Acceleration: x = 0.038086, y = 0.048828, z = 1.525879 g
Rotation: x = 498.648865, y = 1.007634, z = 0.519084 degrees/sec
BMP280 is connected.
BMP280 is connected.
Pressure: 94814.23 Pa
Temperature: 26.01 degrees Celsius
MPU6050 is connected.
Acceleration: x = 0.041992, y = 0.040527, z = 1.492676 g
Rotation: x = 498.595428, y = 0.778626, z = 0.633588 degrees/sec
BMP280 is connected.
BMP280 is connected.
Pressure: 94814.23 Pa
Temperature: 26.01 degrees Celsius
MPU6050 is connected.
Acceleration: x = 0.028320, y = 0.036133, z = 1.520020 g
Rotation: x = 498.435120, y = 0.816794, z = 0.671756 degrees/sec
BMP280 is connected.
BMP280 is connected.
Pressure: 94814.23 Pa
Temperature: 26.00 degrees Celsius
MPU6050 is connected.
Acceleration: x = 0.049805, y = 0.040039, z = 1.495117 g
Rotation: x = 498.740448, y = 0.801527, z = 0.679389 degrees/sec
BMP280 is connected.
BMP280 is connected.
Pressure: 94816.81 Pa
Temperature: 26.00 degrees Celsius
MPU6050 is connected.
Acceleration: x = 0.033691, y = 0.039551, z = 1.532715 g
Rotation: x = 498.664124, y = 1.015267, z = 0.587786 degrees/sec
BMP280 is connected.
BMP280 is connected.
Pressure: 94816.81 Pa
Temperature: 26.00 degrees Celsius
MPU6050 is connected.
Acceleration: x = 0.042480, y = 0.037598, z = 1.498047 g
Rotation: x = 498.564880, y = 0.847328, z = 0.618321 degrees/sec
BMP280 is connected.
BMP280 is connected.
Pressure: 94814.23 Pa
Temperature: 26.00 degrees Celsius
MPU6050 is connected.
Acceleration: x = 0.037109, y = 0.035645, z = 1.516113 g
Rotation: x = 498.610687, y = 0.709924, z = 0.633588 degrees/sec
BMP280 is connected.
BMP280 is connected.
Pressure: 94816.81 Pa
Temperature: 26.00 degrees Celsius
Observation 0: Pa = 94809.078125, Z_rot = 0.717557, Z_acc = 1.501953, Y_acc = 0.038574
Observation 1: Pa = 94809.078125, Z_rot = 0.717557, Z_acc = 1.524902, Y_acc = 0.036621
Observation 2: Pa = 94811.656250, Z_rot = 0.656489, Z_acc = 1.513184, Y_acc = 0.045410
Observation 3: Pa = 94811.656250, Z_rot = 0.694656, Z_acc = 1.522461, Y_acc = 0.050293
Observation 4: Pa = 94811.656250, Z_rot = 0.740458, Z_acc = 1.507812, Y_acc = 0.042480
Observation 5: Pa = 94814.234375, Z_rot = 0.702290, Z_acc = 1.535645, Y_acc = 0.036621
Observation 6: Pa = 94814.234375, Z_rot = 0.519084, Z_acc = 1.525879, Y_acc = 0.048828
Observation 7: Pa = 94814.234375, Z_rot = 0.633588, Z_acc = 1.492676, Y_acc = 0.040527
Observation 8: Pa = 94814.234375, Z_rot = 0.671756, Z_acc = 1.520020, Y_acc = 0.036133
Observation 9: Pa = 94816.812500, Z_rot = 0.679389, Z_acc = 1.495117, Y_acc = 0.040039
Observation 10: Pa = 94816.812500, Z_rot = 0.587786, Z_acc = 1.532715, Y_acc = 0.039551
Observation 11: Pa = 94814.234375, Z_rot = 0.618321, Z_acc = 1.498047, Y_acc = 0.037598
Metrics: Pa_roc = 29063753695840174080.000000, Z_rot_max_min = 141839559783612416.000000, Z_g_max = 105542615040.000000, Z_g_min = 0.000000, Y_g_kurtosis = 1.964293
MPU6050 is connected.
Acceleration: x = 0.032227, y = 0.044434, z = 1.522949 g
Rotation: x = 498.503815, y = 1.061069, z = 0.564885 degrees/sec
BMP280 is connected.
BMP280 is connected.
Pressure: 94816.81 Pa
Temperature: 26.00 degrees Celsius
MPU6050 is connected.
Acceleration: x = 0.042969, y = 0.050781, z = 1.528809 g
Rotation: x = 498.404572, y = 0.984733, z = 0.725191 degrees/sec
BMP280 is connected.
BMP280 is connected.
Pressure: 94816.81 Pa
Temperature: 26.00 degrees Celsius
MPU6050 is connected.
Acceleration: x = 0.046875, y = 0.044922, z = 1.507812 g
Rotation: x = 498.458008, y = 0.885496, z = 0.603053 degrees/sec
BMP280 is connected.
BMP280 is connected.
Pressure: 94816.81 Pa
Temperature: 26.00 degrees Celsius
MPU6050 is connected.
Acceleration: x = 0.044434, y = 0.043945, z = 1.497559 g
Rotation: x = 498.793884, y = 0.763359, z = 0.618321 degrees/sec
BMP280 is connected.
BMP280 is connected.
Pressure: 94814.23 Pa
Temperature: 26.01 degrees Celsius
MPU6050 is connected.
Acceleration: x = 0.040527, y = 0.046875, z = 1.521973 g
Rotation: x = 498.641235, y = 0.748092, z = 0.580153 degrees/sec
BMP280 is connected.
BMP280 is connected.
Pressure: 94814.23 Pa
Temperature: 26.01 degrees Celsius
MPU6050 is connected.
Acceleration: x = 0.039551, y = 0.041504, z = 1.526367 g
Rotation: x = 498.396942, y = 1.190840, z = 0.717557 degrees/sec
BMP280 is connected.
BMP280 is connected.
Pressure: 94811.66 Pa
Temperature: 26.02 degrees Celsius
MPU6050 is connected.
Acceleration: x = 0.067383, y = 0.039551, z = 1.498047 g
Rotation: x = 498.473297, y = 1.099237, z = 0.717557 degrees/sec
BMP280 is connected.
BMP280 is connected.
Pressure: 94811.66 Pa
Temperature: 26.02 degrees Celsius
MPU6050 is connected.
Acceleration: x = 0.036133, y = 0.034180, z = 1.515137 g
Rotation: x = 498.694672, y = 0.824427, z = 0.709924 degrees/sec
BMP280 is connected.
BMP280 is connected.
Pressure: 94811.66 Pa
Temperature: 26.03 degrees Celsius
MPU6050 is connected.
Acceleration: x = 0.039551, y = 0.033691, z = 1.520996 g
Rotation: x = 498.824432, y = 0.702290, z = 0.854962 degrees/sec
BMP280 is connected.
BMP280 is connected.
Pressure: 94811.66 Pa
Temperature: 26.03 degrees Celsius
MPU6050 is connected.
Acceleration: x = 0.035156, y = 0.033691, z = 1.527832 g
Rotation: x = 498.725189, y = 0.870229, z = 0.664122 degrees/sec
BMP280 is connected.
BMP280 is connected.
Pressure: 94811.66 Pa
Temperature: 26.03 degrees Celsius
MPU6050 is connected.
Acceleration: x = 0.041016, y = 0.048828, z = 1.539062 g
Rotation: x = 498.557251, y = 0.877863, z = 0.854962 degrees/sec
BMP280 is connected.
