[0m
[0;32mI (120) ï¿½ets Jun  8 2016 00:22:57

rst:0x1 (POWERON_RESET),boot:0x13 (SPI_FAST_FLASH_BOOT)
configsip: 0, SPIWP:0xee
clk_drv:0x00,q_drv:0x00,d_drv:0x00,cs0_drv:0x00,hd_drv:0x00,wp_drv:0x00
mode:DIO, clock div:2
load:0x3fff0030,len:6984
load:0x40078000,len:15512
load:0x40080400,len:3864
entry 0x40080650
[0;32mI (27) boot: ESP-IDF v5.0.4 2nd stage bootloader[0m
[0;32mI (27) boot: compile time 10:12:17[0m
[0;32mI (27) boot: Multicore bootloader[0m
[0;32mI (30) boot: chip revision: v1.0[0m
[0;32mI (34) boot.esp32: SPI Speed      : 40MHz[0m
[0;32mI (39) boot.esp32: SPI Mode       : DIO[0m
[0;32mI (43) boot.esp32: SPI Flash Size : 2MB[0m
[0;32mI (48) boot: Enabling RNG early entropy source...[0m
[0;32mI (53) boot: Partition Table:[0m
[0;32mI (57) boot: ## Label            Usage          Type ST Offset   Length[0m
[0;32mI (64) boot:  0 nvs              WiFi data        01 02 00009000 00006000[0m
[0;32mI (72) boot:  1 phy_init         RF data          01 01 0000f000 00001000[0m
[0;32mI (79) boot:  2 factory          factory app      00 00 00010000 00100000[0m
[0;32mI (87) boot: End of partition table[0m
[0;32mI (91) esp_image: segment 0: paddr=00010020 vaddr=3f400020 size=0bbe8h ( 48104) map[0m
[0;32mI (117) esp_image: segment 1: paddr=0001bc10 vaddr=3ffb0000 size=01fb4h (  8116) load[0m
[0;32mI (120) esp_image: segment 2: paddr=0001dbcc vaddr=40080000 size=0244ch (  9292) load[0m
[0;32mI (126) esp_image: segment 3: paddr=00020020 vaddr=400d0020 size=20af8h (133880) map[0m
[0;32mI (179) esp_image: segment 4: paddr=00040b20 vaddr=4008244c size=0bd1ch ( 48412) load[0m
[0;32mI (206) boot: Loaded app from partition at offset 0x10000[0m
[0;32mI (206) boot: Disabling RNG early entropy source...[0m
[0;32mI (218) cpu_start: Multicore app[0m
[0;32mI (218) cpu_start: Pro cpu up.[0m
[0;32mI (218) cpu_start: Starting app cpu, entry point is 0x400812f4[0m
[0;32mI (0) cpu_start: App cpu up.[0m
[0;32mI (236) cpu_start: Pro cpu start user code[0m
[0;32mI (236) cpu_start: cpu freq: 160000000 Hz[0m
[0;32mI (236) cpu_start: Application information:[0m
[0;32mI (241) cpu_start: Project name:     project_name[0m
[0;32mI (246) cpu_start: App version:      1[0m
[0;32mI (251) cpu_start: Compile time:     Jan 30 2024 10:10:19[0m
[0;32mI (257) cpu_start: ELF file SHA256:  ec2e9de14fe5600e...[0m
[0;32mI (263) cpu_start: ESP-IDF:          v5.0.4[0m
[0;32mI (268) cpu_start: Min chip rev:     v0.0[0m
[0;32mI (272) cpu_start: Max chip rev:     v3.99 [0m
[0;32mI (277) cpu_start: Chip rev:         v1.0[0m
[0;32mI (282) heap_init: Initializing. RAM available for dynamic allocation:[0m
[0;32mI (289) heap_init: At 3FFAE6E0 len 00001920 (6 KiB): DRAM[0m
[0;32mI (295) heap_init: At 3FFB2A80 len 0002D580 (181 KiB): DRAM[0m
[0;32mI (301) heap_init: At 3FFE0440 len 00003AE0 (14 KiB): D/IRAM[0m
[0;32mI (308) heap_init: At 3FFE4350 len 0001BCB0 (111 KiB): D/IRAM[0m
[0;32mI (314) heap_init: At 4008E168 len 00011E98 (71 KiB): IRAM[0m
[0;32mI (322) spi_flash: detected chip: generic[0m
[0;32mI (325) spi_flash: flash io: dio[0m
[0;33mW (329) spi_flash: Detected size(4096k) larger than the size in the binary image header(2048k). Using the size in the binary image header.[0m
[0;32mI (343) app_start: Starting scheduler on CPU0[0m
[0;32m[0;32mI (347) app_start: Starting scheduler on CPU1[0m
I (347) main_task: Started on CPU0[0m
[0;32mI (357) main_task: Calling app_main()[0m
Hello world!
This is esp32 chip with 2 CPU core(s), WiFi/BT/BLE, silicon revision v1.0, 2MB external flash
Minimum free heap size: 298332 bytes
[0;32mI (8407) demo: MPU6050 sensor detected.[0m
[0;32mI (8437) demo: BMP280 sensor detected.[0m
MPU6050 is connected.
Acceleration: x = 0.015625, y = 0.016602, z = 1.522461 g
Rotation: x = 498.961823, y = 0.335878, z = 0.671756 degrees/sec
BMP280 is connected.
BMP280 is connected.
Pressure: 94834.88 Pa
Temperature: 25.85 degrees Celsius
MPU6050 is connected.
Acceleration: x = 0.015625, y = 0.012695, z = 1.525879 g
Rotation: x = 499.076324, y = 0.832061, z = 0.473282 degrees/sec
BMP280 is connected.
BMP280 is connected.
Pressure: 94834.88 Pa
Temperature: 25.85 degrees Celsius
MPU6050 is connected.
Acceleration: x = 0.022461, y = 0.018066, z = 1.528809 g
Rotation: x = 498.885498, y = 0.358779, z = 0.824427 degrees/sec
BMP280 is connected.
BMP280 is connected.
Pressure: 94834.88 Pa
Temperature: 25.85 degrees Celsius
MPU6050 is connected.
Acceleration: x = 0.029297, y = 0.033203, z = 1.508301 g
Rotation: x = 498.664124, y = 0.977099, z = 0.603053 degrees/sec
BMP280 is connected.
BMP280 is connected.
Pressure: 94837.45 Pa
Temperature: 25.85 degrees Celsius
MPU6050 is connected.
Acceleration: x = 0.048828, y = 7.823242, z = 1.490234 g
Rotation: x = 461.793884, y = 0.167939, z = 10.908397 degrees/sec
BMP280 is connected.
BMP280 is connected.
Pressure: 94837.45 Pa
Temperature: 25.85 degrees Celsius
MPU6050 is connected.
Acceleration: x = 0.048340, y = 6.599609, z = 0.937012 g
Rotation: x = 1.778626, y = 0.854962, z = 0.778626 degrees/sec
BMP280 is connected.
BMP280 is connected.
Pressure: 94834.88 Pa
Temperature: 25.85 degrees Celsius
MPU6050 is connected.
Acceleration: x = 0.035156, y = 0.043457, z = 1.498047 g
Rotation: x = 498.534363, y = 0.664122, z = 0.633588 degrees/sec
BMP280 is connected.
BMP280 is connected.
Pressure: 94834.88 Pa
Temperature: 25.86 degrees Celsius
MPU6050 is connected.
Acceleration: x = 0.026855, y = 0.026855, z = 1.492676 g
Rotation: x = 498.503815, y = 1.068702, z = 0.709924 degrees/sec
BMP280 is connected.
BMP280 is connected.
Pressure: 94834.88 Pa
Temperature: 25.86 degrees Celsius
MPU6050 is connected.
Acceleration: x = 0.041504, y = 0.037109, z = 1.493652 g
Rotation: x = 498.641235, y = 0.885496, z = 0.732824 degrees/sec
BMP280 is connected.
BMP280 is connected.
Pressure: 94834.88 Pa
Temperature: 25.86 degrees Celsius
MPU6050 is connected.
Acceleration: x = 0.043945, y = 0.051270, z = 1.512695 g
Rotation: x = 498.633575, y = 0.885496, z = 0.717557 degrees/sec
BMP280 is connected.
BMP280 is connected.
Pressure: 94834.88 Pa
Temperature: 25.86 degrees Celsius
MPU6050 is connected.
Acceleration: x = 0.040039, y = 0.043945, z = 1.502441 g
Rotation: x = 498.526703, y = 0.862595, z = 0.725191 degrees/sec
BMP280 is connected.
BMP280 is connected.
Pressure: 94834.88 Pa
Temperature: 25.86 degrees Celsius
MPU6050 is connected.
Acceleration: x = 0.034180, y = 0.042969, z = 1.505859 g
Rotation: x = 498.633575, y = 0.908397, z = 0.618321 degrees/sec
BMP280 is connected.
BMP280 is connected.
Pressure: 94834.88 Pa
Temperature: 25.86 degrees Celsius
MPU6050 is connected.
Acceleration: x = 0.045410, y = 0.040039, z = 1.499512 g
Rotation: x = 498.793884, y = 0.671756, z = 0.557252 degrees/sec
BMP280 is connected.
BMP280 is connected.
Pressure: 94834.88 Pa
Temperature: 25.86 degrees Celsius
Observation 0: Pa = 94834.875000, Z_rot = 0.671756, Z_acc = 1.522461, Y_acc = 0.016602
Observation 1: Pa = 94834.875000, Z_rot = 0.473282, Z_acc = 1.525879, Y_acc = 0.012695
Observation 2: Pa = 94834.875000, Z_rot = 0.824427, Z_acc = 1.528809, Y_acc = 0.018066
Observation 3: Pa = 94837.453125, Z_rot = 0.603053, Z_acc = 1.508301, Y_acc = 0.033203
Observation 4: Pa = 94837.453125, Z_rot = 10.908397, Z_acc = 1.490234, Y_acc = 7.823242
Observation 5: Pa = 94834.875000, Z_rot = 0.778626, Z_acc = 0.937012, Y_acc = 6.599609
Observation 6: Pa = 94834.875000, Z_rot = 0.633588, Z_acc = 1.498047, Y_acc = 0.043457
Observation 7: Pa = 94834.875000, Z_rot = 0.709924, Z_acc = 1.492676, Y_acc = 0.026855
Observation 8: Pa = 94834.875000, Z_rot = 0.732824, Z_acc = 1.493652, Y_acc = 0.037109
Observation 9: Pa = 94834.875000, Z_rot = 0.717557, Z_acc = 1.512695, Y_acc = 0.051270
Observation 10: Pa = 94834.875000, Z_rot = 0.725191, Z_acc = 1.502441, Y_acc = 0.043945
Observation 11: Pa = 94834.875000, Z_rot = 0.618321, Z_acc = 1.505859, Y_acc = 0.042969
Metrics: Pa_roc = 491856198631424.000000, Z_rot_max_min = 126076995447554048.000000, Z_g_max = 26516725760.000000, Z_g_min = 0.000000, Y_g_kurtosis = 1.964293
MPU6050 is connected.
Acceleration: x = 0.049805, y = 0.052246, z = 1.501465 g
Rotation: x = 498.618317, y = 1.007634, z = 0.786260 degrees/sec
BMP280 is connected.
BMP280 is connected.
Pressure: 94834.88 Pa
Temperature: 25.86 degrees Celsius
MPU6050 is connected.
Acceleration: x = 0.039551, y = 0.033203, z = 1.522949 g
Rotation: x = 498.587799, y = 1.213740, z = 0.641221 degrees/sec
BMP280 is connected.
BMP280 is connected.
Pressure: 94834.88 Pa
Temperature: 25.86 degrees Celsius
MPU6050 is connected.
Acceleration: x = 0.033203, y = 0.042969, z = 1.518066 g
Rotation: x = 498.412201, y = 0.832061, z = 0.610687 degrees/sec
BMP280 is connected.
BMP280 is connected.
Pressure: 94834.88 Pa
Temperature: 25.86 degrees Celsius
MPU6050 is connected.
Acceleration: x = 0.026855, y = 0.036621, z = 1.511230 g
Rotation: x = 498.396942, y = 0.938931, z = 0.732824 degrees/sec
BMP280 is connected.
BMP280 is connected.
Pressure: 94834.88 Pa
Temperature: 25.86 degrees Celsius
MPU6050 is connected.
Acceleration: x = 0.044922, y = 0.044922, z = 1.524902 g
Rotation: x = 499.114502, y = 0.022901, z = 0.671756 degrees/sec
BMP280 is connected.
BMP280 is connected.
Pressure: 94834.88 Pa
Temperature: 25.86 degrees Celsius
MPU6050 is connected.
Acceleration: x = 0.064941, y = 0.071777, z = 1.494141 g
Rotation: x = 497.961823, y = 1.534351, z = 0.732824 degrees/sec
BMP280 is connected.
BMP280 is connected.
Pressure: 94834.88 Pa
Temperature: 25.86 degrees Celsius
MPU6050 is connected.
Acceleration: x = 0.022461, y = 0.035645, z = 1.531250 g
Rotation: x = 498.633575, y = 0.625954, z = 0.732824 degrees/sec
BMP280 is connected.
BMP280 is connected.
Pressure: 94832.30 Pa
Temperature: 25.87 degrees Celsius
MPU6050 is connected.
Acceleration: x = 0.041016, y = 0.042969, z = 1.504395 g
Rotation: x = 498.541992, y = 0.870229, z = 0.488550 degrees/sec
BMP280 is connected.
BMP280 is connected.
Pressure: 94832.30 Pa
Temperature: 25.87 degrees Celsius
MPU6050 is connected.
Acceleration: x = 0.051758, y = 0.035645, z = 1.508301 g
Rotation: x = 498.801514, y = 0.900763, z = 0.557252 degrees/sec
BMP280 is connected.
BMP280 is connected.
Pressure: 94832.30 Pa
Temperature: 25.87 degrees Celsius
MPU6050 is connected.
Acceleration: x = 0.051758, y = 0.034668, z = 1.502441 g
Rotation: x = 498.419861, y = 0.938931, z = 0.534351 degrees/sec
BMP280 is connected.
BMP280 is connected.
Pressure: 94832.30 Pa
Temperature: 25.87 degrees Celsius
MPU6050 is connected.
Acceleration: x = 0.016113, y = 0.030273, z = 1.525391 g
Rotation: x = 498.694672, y = 0.564885, z = 0.633588 degrees/sec
BMP280 is connected.
BMP280 is connected.
Pressure: 94832.30 Pa
Temperature: 25.87 degrees Celsius
MPU6050 is connected.
Acceleration: x = 0.032227, y = 0.041992, z = 1.506348 g
Rotation: x = 498.687012, y = 0.335878, z = 0.572519 degrees/sec
BMP280 is connected.
BMP280 is connected.
Pressure: 94832.30 Pa
Temperature: 25.87 degrees Celsius
MPU6050 is connected.
Acceleration: x = 0.050293, y = 0.039551, z = 1.485840 g
Rotation: x = 498.366425, y = 1.167939, z = 0.610687 degrees/sec
BMP280 is connected.
BMP280 is connected.
Pressure: 94832.30 Pa
Temperature: 25.88 degrees Celsius
Observation 0: Pa = 94834.875000, Z_rot = 0.786260, Z_acc = 1.501465, Y_acc = 0.052246
Observation 1: Pa = 94834.875000, Z_rot = 0.641221, Z_acc = 1.522949, Y_acc = 0.033203
Observation 2: Pa = 94834.875000, Z_rot = 0.610687, Z_acc = 1.518066, Y_acc = 0.042969
Observation 3: Pa = 94834.875000, Z_rot = 0.732824, Z_acc = 1.511230, Y_acc = 0.036621
Observation 4: Pa = 94834.875000, Z_rot = 0.671756, Z_acc = 1.524902, Y_acc = 0.044922
Observation 5: Pa = 94834.875000, Z_rot = 0.732824, Z_acc = 1.494141, Y_acc = 0.071777
Observation 6: Pa = 94832.296875, Z_rot = 0.732824, Z_acc = 1.531250, Y_acc = 0.035645
Observation 7: Pa = 94832.296875, Z_rot = 0.488550, Z_acc = 1.504395, Y_acc = 0.042969
Observation 8: Pa = 94832.296875, Z_rot = 0.557252, Z_acc = 1.508301, Y_acc = 0.035645
Observation 9: Pa = 94832.296875, Z_rot = 0.534351, Z_acc = 1.502441, Y_acc = 0.034668
Observation 10: Pa = 94832.296875, Z_rot = 0.633588, Z_acc = 1.525391, Y_acc = 0.030273
Observation 11: Pa = 94832.296875, Z_rot = 0.572519, Z_acc = 1.506348, Y_acc = 0.041992
Metrics: Pa_roc = 68401608.000000, Z_rot_max_min = -487836948103168.000000, Z_g_max = 0.009996, Z_g_min = -0.137957, Y_g_kurtosis = 1.964786
MPU6050 is connected.
Acceleration: x = 0.043945, y = 0.039551, z = 1.517090 g
Rotation: x = 498.755737, y = 0.755725, z = 0.679389 degrees/sec
BMP280 is connected.
BMP280 is connected.
Pressure: 94829.72 Pa
Temperature: 25.88 degrees Celsius
MPU6050 is connected.
Acceleration: x = 0.069824, y = 0.035156, z = 1.499512 g
Rotation: x = 498.648865, y = 0.916031, z = 0.824427 degrees/sec
BMP280 is connected.
BMP280 is connected.
Pressure: 94829.72 Pa
Temperature: 25.88 degrees Celsius
MPU6050 is connected.
Acceleration: x = 0.061523, y = 0.062988, z = 1.467773 g
Rotation: x = 498.488556, y = 0.847328, z = 0.572519 degrees/sec
BMP280 is connected.
BMP280 is connected.
Pressure: 94829.72 Pa
Temperature: 25.88 degrees Celsius
MPU6050 is connected.
Acceleration: x = 0.056641, y = 0.036133, z = 1.471680 g
Rotation: x = 498.015259, y = 1.748092, z = 0.541985 degrees/sec
BMP280 is connected.
BMP280 is connected.
Pressure: 94829.72 Pa
Temperature: 25.89 degrees Celsius
MPU6050 is connected.
Acceleration: x = 0.026367, y = 0.058105, z = 1.502930 g
Rotation: x = 498.725189, y = 0.587786, z = 0.564885 degrees/sec
BMP280 is connected.
BMP280 is connected.
Pressure: 94829.72 Pa
Temperature: 25.89 degrees Celsius
MPU6050 is connected.
Acceleration: x = 0.042480, y = 0.045898, z = 1.514160 g
Rotation: x = 498.236633, y = 1.343511, z = 0.603053 degrees/sec
BMP280 is connected.
BMP280 is connected.
Pressure: 94827.14 Pa
Temperature: 25.89 degrees Celsius
MPU6050 is connected.
Acceleration: x = 0.038574, y = 0.036621, z = 1.504883 g
Rotation: x = 498.282440, y = 0.587786, z = 0.679389 degrees/sec
BMP280 is connected.
BMP280 is connected.
Pressure: 94829.72 Pa
Temperature: 25.89 degrees Celsius
MPU6050 is connected.
Acceleration: x = 0.037598, y = 0.038574, z = 1.492676 g
Rotation: x = 498.755737, y = 0.557252, z = 0.763359 degrees/sec
BMP280 is connected.
BMP280 is connected.
Pressure: 94827.14 Pa
Temperature: 25.89 degrees Celsius
MPU6050 is connected.
Acceleration: x = 0.058594, y = 0.043457, z = 1.495605 g
Rotation: x = 498.305328, y = 0.977099, z = 0.625954 degrees/sec
BMP280 is connected.
BMP280 is connected.
Pressure: 94827.14 Pa
Temperature: 25.90 degrees Celsius
MPU6050 is connected.
Acceleration: x = 0.015137, y = 0.037109, z = 1.526855 g
Rotation: x = 498.801514, y = 0.679389, z = 0.671756 degrees/sec
BMP280 is connected.
BMP280 is connected.
Pressure: 94827.14 Pa
Temperature: 25.90 degrees Celsius
MPU6050 is connected.
Acceleration: x = 0.065918, y = 0.039062, z = 1.458984 g
Rotation: x = 498.244263, y = 1.847328, z = 0.755725 degrees/sec
BMP280 is connected.
BMP280 is connected.
Pressure: 94827.14 Pa
Temperature: 25.89 degrees Celsius
MPU6050 is connected.
Acceleration: x = 0.050293, y = 0.023438, z = 1.524902 g
Rotation: x = 498.458008, y = 0.862595, z = 0.687023 degrees/sec
BMP280 is connected.
BMP280 is connected.
Pressure: 94827.14 Pa
Temperature: 25.90 degrees Celsius
MPU6050 is connected.
Acceleration: x = 0.027832, y = 0.045898, z = 1.522461 g
Rotation: x = 499.068695, y = 0.099237, z = 0.664122 degrees/sec
BMP280 is connected.
BMP280 is connected.
Pressure: 94829.72 Pa
Temperature: 25.89 degrees Celsius
Observation 0: Pa = 94829.718750, Z_rot = 0.679389, Z_acc = 1.517090, Y_acc = 0.039551
Observation 1: Pa = 94829.718750, Z_rot = 0.824427, Z_acc = 1.499512, Y_acc = 0.035156
Observation 2: Pa = 94829.718750, Z_rot = 0.572519, Z_acc = 1.467773, Y_acc = 0.062988
Observation 3: Pa = 94829.718750, Z_rot = 0.541985, Z_acc = 1.471680, Y_acc = 0.036133
Observation 4: Pa = 94829.718750, Z_rot = 0.564885, Z_acc = 1.502930, Y_acc = 0.058105
Observation 5: Pa = 94827.140625, Z_rot = 0.603053, Z_acc = 1.514160, Y_acc = 0.045898
Observation 6: Pa = 94829.718750, Z_rot = 0.679389, Z_acc = 1.504883, Y_acc = 0.036621
Observation 7: Pa = 94827.140625, Z_rot = 0.763359, Z_acc = 1.492676, Y_acc = 0.038574
Observation 8: Pa = 94827.140625, Z_rot = 0.625954, Z_acc = 1.495605, Y_acc = 0.043457
Observation 9: Pa = 94827.140625, Z_rot = 0.671756, Z_acc = 1.526855, Y_acc = 0.037109
Observation 10: Pa = 94827.140625, Z_rot = 0.755725, Z_acc = 1.458984, Y_acc = 0.039062
Observation 11: Pa = 94827.140625, Z_rot = 0.687023, Z_acc = 1.524902, Y_acc = 0.023438
Metrics: Pa_roc = -0.000000, Z_rot_max_min = -0.000000, Z_g_max = -15935882240.000000, Z_g_min = -16268854491723596185570203060404224.000000, Y_g_kurtosis = 1.965211
MPU6050 is connected.
Acceleration: x = 0.056641, y = 0.055664, z = 1.510742 g
Rotation: x = 498.770996, y = 0.587786, z = 0.778626 degrees/sec
BMP280 is connected.
